4	function-entries	last	simple.c	1	callee	0
1	function-entries	last	simple.c	6	main	0
