function-entries	test	test.c	1	five	0		2
function-entries	test	test.c	7	main	0		1
