enum	bounds	enum.c	15	main	5	channel	local	direct	1	1
enum	bounds	enum.c	6	set	2	*holder	mem	direct	2	3
