extern-caller.c	8	main	five	0	0	1
extern-caller.c	9	main	five	0	0	1
extern-caller.c	10	main	five	0	0	1
