late-global.c	6	incr	counter	early	0	0	1
late-global.c	13	decr	counter	early	0	1	0
late-global.c	13	decr	counter	late	0	1	0
