1	0	0	upcase-bad.c	8	main	arg	argc
0	1	4	upcase-bad.c	15	main	chr	(char *)0
0	0	13	upcase-bad.c	15	main	chr	(char *)0
3	1	0	upcase-bad.c	8	main	arg	argc
