returns	test	test.c	10	main	7	five	0	0	1
returns	test	test.c	9	main	3	five	0	0	1
