test	test.c	10	main	five	0	0	1
test	test.c	9	main	five	0	0	1
