simple	function-entries	last	simple.c	1	callee	0	4
simple	function-entries	last	simple.c	6	main	0	1
