extern	returns	extern-caller.c	10	main	9	five	0	0	1
extern	returns	extern-caller.c	8	main	3	five	0	0	1
extern	returns	extern-caller.c	9	main	6	five	0	0	1
