test	g-object-unref	test.c	28	test_finalize	2	(void *)self	1	0	0	0
test	g-object-unref	test.c	75	main	8	(void *)object	0	0	1	0
test	g-object-unref	test.c	76	main	12	(void *)object	0	1	0	0
