test	function-entries	test.c	1	five	0	2
test	function-entries	test.c	7	main	0	1
