simple	branches	simple.c	3	main	2	*(*(argv + 0) + 0)	0	1
simple	branches	simple.c	6	main	14	argc > 2	0	0
simple	branches	simple.c	6	main	9	argc > 1	1	0
