simple	simple.c	3	main	(*((*(argv + 0)) + 0))	0	1
simple	simple.c	6	main	argc > 1	1	0
simple	simple.c	6	main	argc > 2	0	0
