upcase-good	upcase-good.c	15	main	chr	(char *)0	0	0	13
upcase-good	upcase-good.c	15	main	chr	(char *)0	0	0	4
upcase-good	upcase-good.c	8	main	arg	0LL	0	0	1
upcase-good	upcase-good.c	8	main	arg	0LL	0	0	4
upcase-good	upcase-good.c	8	main	arg	argc	1	0	0
upcase-good	upcase-good.c	8	main	arg	argc	3	1	0
