simple	function-entries	first	simple.c	1	callee	0	2
simple	function-entries	first	simple.c	6	main	0	1
