scalar-pairs	late-global	late-global.c	6	incr	3	counter	early	0	0	1
scalar-pairs	late-global	late-global.c	6	incr	2	counter	0LL	0	0	1
scalar-pairs	late-global	late-global.c	13	decr	4	counter	late	0	1	0
scalar-pairs	late-global	late-global.c	13	decr	3	counter	early	0	1	0
scalar-pairs	late-global	late-global.c	13	decr	2	counter	0LL	0	1	0
