plugin.c	6	function	direction	0	1
sharing.c	9	dlcheck	message	3	0
library.c	9	libraryFunction	direction	0	1
