simple.c	3	main	(*((*(argv + 0)) + 0))	0	1
simple.c	6	main	argc > 2	0	0
simple.c	6	main	argc > 1	1	0
