library.so	branches	library.c	9	libraryFunction	2	direction	0	1
plugin.so	branches	plugin.c	6	function	2	direction	0	1
sharing	branches	sharing.c	9	dlcheck	5	message	3	0
